Bound BanAnRemote
Bound CaRemote
Bound CheckInRemote
Bound ChiTietHoaDonRemote
Bound DangNhapRemote
Bound DashboardRemote
Bound HoaDonRemote
Bound KhachHangRemote
Bound MonAnRemote
Bound NhanVienRemote
Bound PhieuDatBanRemote
Bound QLHDRemote
Bound QLKMRemote
Bound QLMonRemote
Bound QuanLyBanRemote
Bound TaiKhoanRemote
Bound ThanhToanRemote
Bound ThongKeRemote
RMI server started on port 1099
Mongo database: QLNhaHang2BTCHECK
[RMI] DangNhapRemoteImpl.isUsernameExist called by client params=[__rmi_probe__]
[RMI] DangNhapRemoteImpl.isUsernameExist result=false
[RMI] QuanLyBanRemoteImpl.generateMaBan called by client params=[]
[RMI] QuanLyBanRemoteImpl.generateMaBan result=B001
[RMI] QuanLyBanRemoteImpl.addBanAn called by client params=[BanAn{maBan='B001', loai='THUONG', trangThai='TRONG', viTri='LAU_1'}]
[RMI] QuanLyBanRemoteImpl.addBanAn result=true
[RMI] QuanLyBanRemoteImpl.getBanAnByMa called by client params=[B001]
[RMI] QuanLyBanRemoteImpl.getBanAnByMa result=BanAn{maBan='B001', loai='THUONG', trangThai='null', viTri='LAU_1'}
[RMI] QuanLyBanRemoteImpl.updateBanAn called by client params=[BanAn{maBan='B001', loai='VIP', trangThai='DA_DAT', viTri='LAU_2'}]
[RMI] QuanLyBanRemoteImpl.updateBanAn result=true
[RMI] QuanLyBanRemoteImpl.getBanAnByMa called by client params=[B001]
[RMI] QuanLyBanRemoteImpl.getBanAnByMa result=BanAn{maBan='B001', loai='VIP', trangThai='DA_DAT', viTri='LAU_2'}
[RMI] QuanLyBanRemoteImpl.deleteBanAn called by client params=[B001]
[RMI] QuanLyBanRemoteImpl.getBanAnByMa called by client params=[B001]
[RMI] QuanLyBanRemoteImpl.deleteBanAn result=true
[RMI] QuanLyBanRemoteImpl.getBanAnByMa result=null
